{
'project:PHP_CodeSniffer/CodeSniffer/Reports/Notifysend.php':[
103,
217,
235,
],
'project:PHP_CodeSniffer/CodeSniffer/Standards/Generic/Sniffs/Debug/CSSLintSniff.php':[
70,
],
'project:PHP_CodeSniffer/CodeSniffer/Standards/Generic/Sniffs/Debug/ClosureLinterSniff.php':[
87,
],
'project:PHP_CodeSniffer/CodeSniffer/Standards/Generic/Sniffs/Debug/JSHintSniff.php':[
74,
],
'project:PHP_CodeSniffer/CodeSniffer/Standards/Squiz/Sniffs/Debug/JSLintSniff.php':[
72,
],
'project:PHP_CodeSniffer/CodeSniffer/Standards/Squiz/Sniffs/Debug/JavaScriptLintSniff.php':[
70,
],
'project:PHP_CodeSniffer/CodeSniffer/Standards/Zend/Sniffs/Debug/CodeAnalyzerSniff.php':[
80,
],
'project:symfony/Symfony/Component/Console/Helper/DialogHelper.php':[
440,
],
'project:symfony/Symfony/Component/Console/Tests/Helper/DialogHelperTest.php':[
188,
],
'project:symfony/Symfony/Component/Finder/Shell/Command.php':[
250,
],
'project:symfony/Symfony/Component/Finder/Shell/Shell.php':[
63,
],
'project:symfony/Symfony/Component/Intl/ResourceBundle/Compiler/BundleCompiler.php':[
39,
60,
],
'project:symfony/Symfony/Component/Intl/Resources/bin/common.php':[
46,
58,
],
'project:symfony/Symfony/Component/Intl/Resources/bin/test-compat.php':[
51,
],
'project:symfony/Symfony/Component/Intl/Util/SvnRepository.php':[
51,
63,
127,
],
}
